commands available:
b: list all buildings in (name,id) format in lexicographic order.
r: input two building and get a shortest path.
q: quit the program.
m: list the menu.
First building id/name, followed by Enter: Second building id/name, followed by Enter: There is no path from Polytechnic Residence Commons to Blitman Residence Commons.
First building id/name, followed by Enter: Second building id/name, followed by Enter: Path from RPI Ambulance to Cogswell Laboratory:
	Walk North to (Intersection 99)
	Walk NorthWest to (Cogswell Laboratory)
Total distance: 143.488 pixel units.
First building id/name, followed by Enter: Second building id/name, followed by Enter: Unknown building: [100]
Unknown building: [300]
First building id/name, followed by Enter: Second building id/name, followed by Enter: Unknown building: [Invalid1]
Unknown building: [Invalid2]